c:\nxp\mcuxpresso\mcux_sdk_main\core\devices\mcxn947\drivers\fsl_clock.h:1394:20:CLOCK_EnableClock	24	static
c:\nxp\mcuxpresso\mcux_sdk_main\core\drivers\port\fsl_port.h:463:20:PORT_SetPinMux	24	static
c:\nxp\mcuxpresso\mcux_sdk_main\core\drivers\gpio\fsl_gpio.h:298:20:GPIO_PortInputEnable	16	static
c:\nxp\mcuxpresso\mcux_sdk_main\core\drivers\gpio\fsl_gpio.h:358:20:GPIO_PortSet	16	static
c:\nxp\mcuxpresso\mcux_sdk_main\core\drivers\gpio\fsl_gpio.h:373:20:GPIO_PortClear	16	static
c:\nxp\mcuxpresso\mcux_sdk_main\core\drivers\gpio\fsl_gpio.h:411:24:GPIO_PinRead	16	static
C:/Users/bilaaaaaaal/Documents/ENSEEIHT/S8/projet_smart_sensor/frdmmcxn9474_22_08_2024_fixed/functions_and_main_related.c:7:6:InitGPIO	32	static
C:/Users/bilaaaaaaal/Documents/ENSEEIHT/S8/projet_smart_sensor/frdmmcxn9474_22_08_2024_fixed/functions_and_main_related.c:68:6:timer_delay	24	static
C:/Users/bilaaaaaaal/Documents/ENSEEIHT/S8/projet_smart_sensor/frdmmcxn9474_22_08_2024_fixed/functions_and_main_related.c:75:6:init_accel	8	static
C:/Users/bilaaaaaaal/Documents/ENSEEIHT/S8/projet_smart_sensor/frdmmcxn9474_22_08_2024_fixed/functions_and_main_related.c:204:6:acquire_data	8	static
C:/Users/bilaaaaaaal/Documents/ENSEEIHT/S8/projet_smart_sensor/frdmmcxn9474_22_08_2024_fixed/functions_and_main_related.c:222:9:twos_complement_to_decimal	24	static
C:/Users/bilaaaaaaal/Documents/ENSEEIHT/S8/projet_smart_sensor/frdmmcxn9474_22_08_2024_fixed/functions_and_main_related.c:236:6:data_acquisition_mode	16	static
C:/Users/bilaaaaaaal/Documents/ENSEEIHT/S8/projet_smart_sensor/frdmmcxn9474_22_08_2024_fixed/functions_and_main_related.c:258:6:init_state	16	static
C:/Users/bilaaaaaaal/Documents/ENSEEIHT/S8/projet_smart_sensor/frdmmcxn9474_22_08_2024_fixed/functions_and_main_related.c:287:6:acquire_state	16	static
C:/Users/bilaaaaaaal/Documents/ENSEEIHT/S8/projet_smart_sensor/frdmmcxn9474_22_08_2024_fixed/functions_and_main_related.c:308:6:save_state	16	static
C:/Users/bilaaaaaaal/Documents/ENSEEIHT/S8/projet_smart_sensor/frdmmcxn9474_22_08_2024_fixed/functions_and_main_related.c:358:6:send_state	24	static
C:/Users/bilaaaaaaal/Documents/ENSEEIHT/S8/projet_smart_sensor/frdmmcxn9474_22_08_2024_fixed/functions_and_main_related.c:385:6:initList	24	static
C:/Users/bilaaaaaaal/Documents/ENSEEIHT/S8/projet_smart_sensor/frdmmcxn9474_22_08_2024_fixed/functions_and_main_related.c:394:6:addElement	16	static
C:/Users/bilaaaaaaal/Documents/ENSEEIHT/S8/projet_smart_sensor/frdmmcxn9474_22_08_2024_fixed/functions_and_main_related.c:407:6:freeList	24	static
