c:\project_folder_nxp\sdk_repo\core\devices\mcxn947\drivers\fsl_clock.h:1394:20:CLOCK_EnableClock	24	static
c:\project_folder_nxp\sdk_repo\core\drivers\port\fsl_port.h:360:20:PORT_SetPinConfig	32	static
C:/Project_folder_NXP/GUI_folder/frdmmcxn9474_22_08_2024_fixed (1)/pin_mux.c:37:6:BOARD_InitBootPins	8	static
C:/Project_folder_NXP/GUI_folder/frdmmcxn9474_22_08_2024_fixed (1)/pin_mux.c:66:6:BOARD_InitPins	24	static
C:/Project_folder_NXP/GUI_folder/frdmmcxn9474_22_08_2024_fixed (1)/pin_mux.c:167:6:LPSPI1_InitPins	24	static
