c:\users\nxg07799\.mcuxpressotools\arm-gnu-toolchain-12.3.rel1-mingw-w64-i686-arm-none-eabi\arm-none-eabi\include\c++\12.3.1\arm-none-eabi\thumb\v8-m.main+fp\hard\bits\gthr-default.h:229:1:int __gthread_key_delete(__gthread_key_t)	16	static
c:\project_folder_nxp\sdk_repo\middleware\eiq\tensorflow-lite\third_party\flatbuffers\include\flatbuffers\buffer.h:34:13:void flatbuffers::EndianCheck()	16	static
c:\project_folder_nxp\sdk_repo\middleware\eiq\tensorflow-lite\third_party\flatbuffers\include\flatbuffers\table.h:29:18:const uint8_t* flatbuffers::Table::GetVTable() const	24	static
c:\project_folder_nxp\sdk_repo\middleware\eiq\tensorflow-lite\third_party\flatbuffers\include\flatbuffers\table.h:35:13:flatbuffers::voffset_t flatbuffers::Table::GetOptionalFieldOffset(flatbuffers::voffset_t) const	24	static
c:\project_folder_nxp\sdk_repo\middleware\eiq\tensorflow-lite\tensorflow\lite\schema\schema_generated.h:16225:12:uint32_t tflite::Model::version() const	16	static
c:\project_folder_nxp\sdk_repo\middleware\eiq\tensorflow-lite\tensorflow\lite\schema\schema_generated.h:24405:29:const tflite::Model* tflite::GetModel(const void*)	16	static
C:/Project_folder_NXP/GUI_folder/frdmmcxn9474_22_08_2024_fixed (1)/model/custom_model.cpp:43:10:status_t MODEL_Init(int)	40	static
C:/Project_folder_NXP/GUI_folder/frdmmcxn9474_22_08_2024_fixed (1)/model/custom_model.cpp:79:10:status_t MODEL_RunInference()	8	static
C:/Project_folder_NXP/GUI_folder/frdmmcxn9474_22_08_2024_fixed (1)/model/custom_model.cpp:90:9:int8_t* GetTensorData(TfLiteTensor*, tensor_dims_t*, tensor_type_t*)	32	static
C:/Project_folder_NXP/GUI_folder/frdmmcxn9474_22_08_2024_fixed (1)/model/custom_model.cpp:117:9:int8_t* MODEL_GetInputTensorData(tensor_dims_t*, tensor_type_t*)	24	static
C:/Project_folder_NXP/GUI_folder/frdmmcxn9474_22_08_2024_fixed (1)/model/custom_model.cpp:124:9:int8_t* MODEL_GetOutputTensorData(tensor_dims_t*, tensor_type_t*)	24	static
c:\project_folder_nxp\sdk_repo\middleware\eiq\tensorflow-lite\third_party\flatbuffers\include\flatbuffers\base.h:416:24:T flatbuffers::EndianScalar(T) [with T = long unsigned int]	16	static
c:\project_folder_nxp\sdk_repo\middleware\eiq\tensorflow-lite\third_party\flatbuffers\include\flatbuffers\base.h:427:3:T flatbuffers::ReadScalar(const void*) [with T = long unsigned int]	16	static
c:\project_folder_nxp\sdk_repo\middleware\eiq\tensorflow-lite\third_party\flatbuffers\include\flatbuffers\base.h:427:3:T flatbuffers::ReadScalar(const void*) [with T = long int]	16	static
c:\project_folder_nxp\sdk_repo\middleware\eiq\tensorflow-lite\third_party\flatbuffers\include\flatbuffers\base.h:427:3:T flatbuffers::ReadScalar(const void*) [with T = short unsigned int]	16	static
c:\project_folder_nxp\sdk_repo\middleware\eiq\tensorflow-lite\third_party\flatbuffers\include\flatbuffers\table.h:45:26:T flatbuffers::Table::GetField(flatbuffers::voffset_t, T) const [with T = long unsigned int]	32	static
c:\project_folder_nxp\sdk_repo\middleware\eiq\tensorflow-lite\third_party\flatbuffers\include\flatbuffers\buffer.h:132:31:const T* flatbuffers::GetRoot(const void*) [with T = tflite::Model]	16	static
c:\project_folder_nxp\sdk_repo\middleware\eiq\tensorflow-lite\third_party\flatbuffers\include\flatbuffers\base.h:416:24:T flatbuffers::EndianScalar(T) [with T = long int]	16	static
c:\project_folder_nxp\sdk_repo\middleware\eiq\tensorflow-lite\third_party\flatbuffers\include\flatbuffers\base.h:416:24:T flatbuffers::EndianScalar(T) [with T = short unsigned int]	16	static
c:\project_folder_nxp\sdk_repo\middleware\eiq\tensorflow-lite\third_party\flatbuffers\include\flatbuffers\buffer.h:120:25:T* flatbuffers::GetMutableRoot(void*) [with T = tflite::Model]	16	static
